{
  "getGasCostOfGetSqrtRatioAtTick_tick_-50": "829",
  "getSqrtRatioAtTick_tick_-50": "79030349367926598376800521322",
  "getGasCostOfGetSqrtRatioAtTick_tick_-100": "829",
  "getSqrtRatioAtTick_tick_-100": "78833030112140176575862854579",
  "getGasCostOfGetSqrtRatioAtTick_tick_-250": "871",
  "getSqrtRatioAtTick_tick_-250": "78244023372248365697264290337",
  "getGasCostOfGetSqrtRatioAtTick_tick_-500": "871",
  "getSqrtRatioAtTick_tick_-500": "77272108795590369356373805297",
  "getGasCostOfGetSqrtRatioAtTick_tick_-1000": "871",
  "getSqrtRatioAtTick_tick_-1000": "75364347830767020784054125655",
  "getGasCostOfGetSqrtRatioAtTick_tick_-2500": "857",
  "getSqrtRatioAtTick_tick_-2500": "69919044979842180277688105136",
  "getGasCostOfGetSqrtRatioAtTick_tick_-3000": "885",
  "getSqrtRatioAtTick_tick_-3000": "68192822843687888778582228483",
  "getGasCostOfGetSqrtRatioAtTick_tick_-4000": "871",
  "getSqrtRatioAtTick_tick_-4000": "64867181785621769311890333195",
  "getGasCostOfGetSqrtRatioAtTick_tick_-5000": "857",
  "getSqrtRatioAtTick_tick_-5000": "61703726247759831737814779831",
  "getGasCostOfGetSqrtRatioAtTick_tick_-50000": "871",
  "getSqrtRatioAtTick_tick_-50000": "6504256538020985011912221507",
  "getGasCostOfGetSqrtRatioAtTick_tick_-150000": "899",
  "getSqrtRatioAtTick_tick_-150000": "43836292794701720435367485",
  "getGasCostOfGetSqrtRatioAtTick_tick_-250000": "885",
  "getSqrtRatioAtTick_tick_-250000": "295440463448801648376846",
  "getGasCostOfGetSqrtRatioAtTick_tick_-500000": "885",
  "getSqrtRatioAtTick_tick_-500000": "1101692437043807371",
  "getGasCostOfGetSqrtRatioAtTick_tick_-738203": "911",
  "getSqrtRatioAtTick_tick_-738203": "7409801140451",
  "getGasCostOfGetSqrtRatioAtTick_tick_50": "869",
  "getSqrtRatioAtTick_tick_50": "79426470787362580746886972461",
  "getGasCostOfGetSqrtRatioAtTick_tick_100": "869",
  "getSqrtRatioAtTick_tick_100": "79625275426524748796330556128",
  "getGasCostOfGetSqrtRatioAtTick_tick_250": "911",
  "getSqrtRatioAtTick_tick_250": "80224679980005306637834519095",
  "getGasCostOfGetSqrtRatioAtTick_tick_500": "911",
  "getSqrtRatioAtTick_tick_500": "81233731461783161732293370115",
  "getGasCostOfGetSqrtRatioAtTick_tick_1000": "911",
  "getSqrtRatioAtTick_tick_1000": "83290069058676223003182343270",
  "getGasCostOfGetSqrtRatioAtTick_tick_2500": "897",
  "getSqrtRatioAtTick_tick_2500": "89776708723587163891445672585",
  "getGasCostOfGetSqrtRatioAtTick_tick_3000": "925",
  "getSqrtRatioAtTick_tick_3000": "92049301871182272007977902845",
  "getGasCostOfGetSqrtRatioAtTick_tick_4000": "911",
  "getSqrtRatioAtTick_tick_4000": "96768528593268422080558758223",
  "getGasCostOfGetSqrtRatioAtTick_tick_5000": "897",
  "getSqrtRatioAtTick_tick_5000": "101729702841318637793976746270",
  "getGasCostOfGetSqrtRatioAtTick_tick_50000": "911",
  "getSqrtRatioAtTick_tick_50000": "965075977353221155028623082916",
  "getGasCostOfGetSqrtRatioAtTick_tick_150000": "939",
  "getSqrtRatioAtTick_tick_150000": "143194173941309278083010301478497",
  "getGasCostOfGetSqrtRatioAtTick_tick_250000": "925",
  "getSqrtRatioAtTick_tick_250000": "21246587762933397357449903968194344",
  "getGasCostOfGetSqrtRatioAtTick_tick_500000": "925",
  "getSqrtRatioAtTick_tick_500000": "5697689776495288729098254600827762987878",
  "getGasCostOfGetSqrtRatioAtTick_tick_738203": "951",
  "getSqrtRatioAtTick_tick_738203": "847134979253254120489401328389043031315994541",
  "getGasCostOfGetTickAtSqrtRatio_ratio_4295128739": "2389",
  "getTickAtSqrtRatio_ratio_4295128739": "-887272",
  "getGasCostOfGetTickAtSqrtRatio_ratio_79228162514264337593543": "2385",
  "getTickAtSqrtRatio_ratio_79228162514264337593543": "-276325",
  "getGasCostOfGetTickAtSqrtRatio_ratio_79228162514264337593543950": "2385",
  "getTickAtSqrtRatio_ratio_79228162514264337593543950": "-138163",
  "getGasCostOfGetTickAtSqrtRatio_ratio_9903520314283042199192993792": "1401",
  "getTickAtSqrtRatio_ratio_9903520314283042199192993792": "-41591",
  "getGasCostOfGetTickAtSqrtRatio_ratio_28011385487393069959365969113": "2347",
  "getTickAtSqrtRatio_ratio_28011385487393069959365969113": "-20796",
  "getGasCostOfGetTickAtSqrtRatio_ratio_56022770974786139918731938227": "2333",
  "getTickAtSqrtRatio_ratio_56022770974786139918731938227": "-6932",
  "getGasCostOfGetTickAtSqrtRatio_ratio_79228162514264337593543950336": "2253",
  "getTickAtSqrtRatio_ratio_79228162514264337593543950336": "0",
  "getGasCostOfGetTickAtSqrtRatio_ratio_112045541949572279837463876454": "2367",
  "getTickAtSqrtRatio_ratio_112045541949572279837463876454": "6931",
  "getGasCostOfGetTickAtSqrtRatio_ratio_224091083899144559674927752909": "2381",
  "getTickAtSqrtRatio_ratio_224091083899144559674927752909": "20795",
  "getGasCostOfGetTickAtSqrtRatio_ratio_633825300114114700748351602688": "2405",
  "getTickAtSqrtRatio_ratio_633825300114114700748351602688": "41590",
  "getGasCostOfGetTickAtSqrtRatio_ratio_79228162514264337593543950336000": "2425",
  "getTickAtSqrtRatio_ratio_79228162514264337593543950336000": "138162",
  "getGasCostOfGetTickAtSqrtRatio_ratio_79228162514264337593543950336000000": "2425",
  "getTickAtSqrtRatio_ratio_79228162514264337593543950336000000": "276324",
  "getGasCostOfGetTickAtSqrtRatio_ratio_1461446703485210103287273052203988822378723970341": "2449",
  "getTickAtSqrtRatio_ratio_1461446703485210103287273052203988822378723970341": "887271"
}