{
    "addDelta_gas_add": "162",
    "addDelta_gas_sub": "176"
}